<?xml version="1.0" encoding="utf-8"?><testsuites><testsuite name="pytest" errors="0" failures="1" skipped="0" tests="10" time="20.286" timestamp="2022-09-29T14:23:26.400186" hostname="DESKTOP-MSRG0DC"><testcase classname="test_widget" name="test_widget_functions_as_expected" time="0.001" /><testcase classname="test_widget" name="test_widget_fails" time="0.001"><failure message="assert False">def test_widget_fails():
&gt;       assert False
E       assert False

test_widget.py:6: AssertionError</failure></testcase><testcase classname="tests.sportscar.body.test_body.BodyTests" name="test_body_functions_as_expected" time="0.001" /><testcase classname="tests.sportscar.body.test_body.BodyTests" name="test_can_navigate_to_body_page" time="3.493" /><testcase classname="tests.sportscar.body.test_body.BodyTests" name="test_bumper" time="0.003" /><testcase classname="tests.sportscar.body.test_body.BodyTests" name="test_windshield" time="0.003" /><testcase classname="tests.sportscar.engine.test_engine" name="test_engine_functions_as_expected" time="0.003" /><testcase classname="tests.sportscar.engine.test_engine" name="test_can_navigate_to_engine_page" time="4.653" /><testcase classname="tests.sportscar.entertainment.test_entertainment" name="test_entertainment_functions_as_expected" time="0.001" /><testcase classname="tests.sportscar.entertainment.test_entertainment" name="test_can_navigate_to_entertainment_page" time="4.729" /></testsuite></testsuites>